
> gsaps-social-media-app@0.1.0 build
> react-scripts build

sh: 1: react-scripts: not found
